Microchip MPLAB XC8 Compiler V2.45

Linker command line:

-W-3 \
  --edf=C:\Program Files\Microchip\xc8\v2.45\pic\dat\20230818022343_en.msgs \
  -cn -h+dist/default/production\TEST_CAN.X.production.sym \
  --cmf=dist/default/production\TEST_CAN.X.production.cmf -z -Q16F1779 \
  -oC:\Users\ALESSA~1\AppData\Local\Temp\xcAse4o.\driver_tmp_3.o \
  --defsym=__MPLAB_BUILD=1 --fixupoverflow=error \
  -Mdist/default/production/TEST_CAN.X.production.map \
  --md=C:\Users\ALESSA~1\AppData\Local\Temp\xcAse4o.\driver_tmp_0.dat -E1 \
  -ver=XC8 Compiler --acfsm=1493 -ACODE=00h-07FFhx8 -ASTRCODE=00h-03FFFh \
  -ASTRING=00h-0FFhx64 -ACONST=00h-0FFhx64 -AENTRY=00h-0FFhx64 \
  -ACOMMON=070h-07Fh -ABANK0=020h-06Fh -ABANK1=0A0h-0EFh \
  -ABANK2=0120h-016Fh -ABANK3=01A0h-01EFh -ABANK4=0220h-026Fh \
  -ABANK5=02A0h-02EFh -ABANK6=0320h-036Fh -ABANK7=03A0h-03EFh \
  -ABANK8=0420h-046Fh -ABANK9=04A0h-04EFh -ABANK10=0520h-056Fh \
  -ABANK11=05A0h-05EFh -ABANK12=0620h-066Fh -ABANK13=06A0h-06EFh \
  -ABANK14=0720h-076Fh -ABANK15=07A0h-07EFh -ABANK16=0820h-086Fh \
  -ABANK17=08A0h-08EFh -ABANK18=0920h-096Fh -ABANK19=09A0h-09EFh \
  -ABANK20=0A20h-0A6Fh -ABANK21=0AA0h-0AEFh -ABANK22=0B20h-0B6Fh \
  -ABANK23=0BA0h-0BEFh -ABANK24=0C20h-0C6Fh -ABANK25=0CA0h-0CBFh \
  -ABIGRAM=02000h-027EFh \
  -ARAM=020h-06Fh,0A0h-0EFh,0120h-016Fh,01A0h-01EFh,0220h-026Fh,02A0h-02EFh,0320h-036Fh,03A0h-03EFh,0420h-046Fh,04A0h-04EFh,0520h-056Fh,05A0h-05EFh,0620h-066Fh,06A0h-06EFh,0720h-076Fh,07A0h-07EFh,0820h-086Fh,08A0h-08EFh,0920h-096Fh,09A0h-09EFh,0A20h-0A6Fh,0AA0h-0AEFh,0B20h-0B6Fh,0BA0h-0BEFh,0C20h-0C6Fh,0CA0h-0CBFh \
  -AABS1=020h-07Fh,0A0h-0EFh,0120h-016Fh,01A0h-01EFh,0220h-026Fh,02A0h-02EFh,0320h-036Fh,03A0h-03EFh,0420h-046Fh,04A0h-04EFh,0520h-056Fh,05A0h-05EFh,0620h-066Fh,06A0h-06EFh,0720h-076Fh,07A0h-07EFh,0820h-086Fh,08A0h-08EFh,0920h-096Fh,09A0h-09EFh,0A20h-0A6Fh,0AA0h-0AEFh,0B20h-0B6Fh,0BA0h-0BEFh,0C20h-0C6Fh,0CA0h-0CBFh \
  -ASFR0=00h-01Fh -ASFR1=080h-09Fh -ASFR2=0100h-011Fh -ASFR3=0180h-019Fh \
  -ASFR4=0200h-021Fh -ASFR5=0280h-029Fh -ASFR6=0300h-031Fh \
  -ASFR7=0380h-039Fh -ASFR8=0400h-041Fh -ASFR9=0480h-049Fh \
  -ASFR10=0500h-051Fh -ASFR11=0580h-059Fh -ASFR12=0600h-061Fh \
  -ASFR13=0680h-069Fh -ASFR14=0700h-071Fh -ASFR15=0780h-079Fh \
  -ASFR16=0800h-081Fh -ASFR17=0880h-089Fh -ASFR18=0900h-091Fh \
  -ASFR19=0980h-099Fh -ASFR20=0A00h-0A1Fh -ASFR21=0A80h-0A9Fh \
  -ASFR22=0B00h-0B1Fh -ASFR23=0B80h-0B9Fh -ASFR24=0C00h-0C1Fh \
  -ASFR25=0C80h-0C9Fh -ASFR26=0D00h-0D6Fh -ASFR27=0D80h-0DEFh \
  -ASFR28=0E00h-0E6Fh -ASFR29=0E80h-0EEFh -ASFR30=0F00h-0F6Fh \
  -ASFR31=0F80h-0FEFh -ACONFIG=08007h-08008h -DCONFIG=2 \
  -AIDLOC=08000h-08003h -DIDLOC=2 -DCODE=2 -DSTRCODE=2 -DSTRING=2 -DCONST=2 \
  -DENTRY=2 -preset_vec=00h,intentry=04h,init,end_init -ppowerup=CODE \
  -pcinit=CODE -pfunctab=ENTRY -k \
  C:\Users\ALESSA~1\AppData\Local\Temp\xcAse4o.\driver_tmp_12.o \
  dist/default/production\TEST_CAN.X.production.o 

Object code version is 3.11

Machine type is 16F1779



                Name                               Link     Load   Length Selector   Space Scale
C:\Users\ALESSA~1\AppData\Local\Temp\xcAse4o.\driver_tmp_12.o
                end_init                             26       26        2        8       0
                reset_vec                             0        0        2        0       0
                config                             8007     8007        2        0       4
dist/default/production\TEST_CAN.X.production.o
                cinit                                28       28        E        8       0
                intentry                              4        4       22        8       0
                config                             8007     8007        2        0       4
                text45                              FF8      FF8        4     1FF0       0
                text44                                2        2        1        0       0
                text43                              7A6      7A6        D        8       0
                text42                              7F4      7F4        5        8       0
                text41                              7CA      7CA        A        8       0
                text40                                3        3        1        6       0
                text39                              77E      77E        E        8       0
                text37                              7EE      7EE        6        8       0
                text36                              7B3      7B3        C        8       0
                text35                              7D4      7D4        8        8       0
                text34                              500      500       4C        8       0
                text33                              748      748       15        8       0
                text32                              7E8      7E8        6        8       0
                text31                              731      731       17        8       0
                text30                              FFC      FFC        4     1FF8       0
                text29                              75D      75D       13        8       0
                text28                              FF5      FF5        3     1FEA       0
                text27                              7E2      7E2        6        8       0
                text26                              7FD      7FD        3      FFA       0
                text25                              799      799        D        8       0
                text24                              45C      45C       53        8       0
                text23                              78C      78C        D        8       0
                text22                              594      594       2F        8       0
                text21                              702      702       18        8       0
                text20                              770      770        E        8       0
                text19                               36       36      170        8       0
                text18                              54C      54C       48        8       0
                text17                              615      615       25        8       0
                text16                              3FF      3FF       5D        8       0
                text15                              694      694       1D        8       0
                text14                              677      677       1D        8       0
                text13                              659      659       1E        8       0
                text12                              5C3      5C3       2B        8       0
                text11                              30B      30B       94        8       0
                text10                              39F      39F       60        8       0
                text9                               4AF      4AF       51        8       0
                text8                               63A      63A       1F        8       0
                text7                               5EE      5EE       27        8       0
                text6                               6B1      6B1       1C        8       0
                text5                               1A6      1A6       B7        8       0
                text4                               7BF      7BF        B        8       0
                text3                               71A      71A       17        8       0
                text2                               6CD      6CD       1B        8       0
                text1                               6E8      6E8       1A        8       0
                maintext                            25D      25D       AE        8       0
                cstackBANK0                          20       20       4C       20       1
                cstackCOMMON                         70       70        E       70       1
                clrtext                             7DC      7DC        6        8       0
                bssBANK1                             A0       A0       17       A0       1
                bssBANK0                             6E       6E        1       20       1
                nvBANK1                              B7       B7        2       A0       1
                nvBANK0                              6C       6C        2       20       1
                stringtext1                         7F9      7F9        4      FF2       0

TOTAL           Name                               Link     Load   Length     Space
        CLASS   CODE           
                end_init                             26       26        2         0
                cinit                                28       28        E         0
                intentry                              4        4       22         0
                reset_vec                             0        0        2         0
                text45                              FF8      FF8        4         0
                text44                                2        2        1         0
                text43                              7A6      7A6        D         0
                text42                              7F4      7F4        5         0
                text41                              7CA      7CA        A         0
                text40                                3        3        1         0
                text39                              77E      77E        E         0
                text37                              7EE      7EE        6         0
                text36                              7B3      7B3        C         0
                text35                              7D4      7D4        8         0
                text34                              500      500       4C         0
                text33                              748      748       15         0
                text32                              7E8      7E8        6         0
                text31                              731      731       17         0
                text30                              FFC      FFC        4         0
                text29                              75D      75D       13         0
                text28                              FF5      FF5        3         0
                text27                              7E2      7E2        6         0
                text26                              7FD      7FD        3         0
                text25                              799      799        D         0
                text24                              45C      45C       53         0
                text23                              78C      78C        D         0
                text22                              594      594       2F         0
                text21                              702      702       18         0
                text20                              770      770        E         0
                text19                               36       36      170         0
                text18                              54C      54C       48         0
                text17                              615      615       25         0
                text16                              3FF      3FF       5D         0
                text15                              694      694       1D         0
                text14                              677      677       1D         0
                text13                              659      659       1E         0
                text12                              5C3      5C3       2B         0
                text11                              30B      30B       94         0
                text10                              39F      39F       60         0
                text9                               4AF      4AF       51         0
                text8                               63A      63A       1F         0
                text7                               5EE      5EE       27         0
                text6                               6B1      6B1       1C         0
                text5                               1A6      1A6       B7         0
                text4                               7BF      7BF        B         0
                text3                               71A      71A       17         0
                text2                               6CD      6CD       1B         0
                text1                               6E8      6E8       1A         0
                maintext                            25D      25D       AE         0
                clrtext                             7DC      7DC        6         0

        CLASS   STRCODE        
                stringtext1                         7F9      7F9        4         0

        CLASS   STRING         

        CLASS   CONST          

        CLASS   ENTRY          

        CLASS   COMMON         
                cstackCOMMON                         70       70        E         1

        CLASS   BANK0          
                cstackBANK0                          20       20       4C         1
                bssBANK0                             6E       6E        1         1
                nvBANK0                              6C       6C        2         1

        CLASS   BANK1          
                bssBANK1                             A0       A0       17         1
                nvBANK1                              B7       B7        2         1

        CLASS   BANK2          

        CLASS   BANK3          

        CLASS   BANK4          

        CLASS   BANK5          

        CLASS   BANK6          

        CLASS   BANK7          

        CLASS   BANK8          

        CLASS   BANK9          

        CLASS   BANK10         

        CLASS   BANK11         

        CLASS   BANK12         

        CLASS   BANK13         

        CLASS   BANK14         

        CLASS   BANK15         

        CLASS   BANK16         

        CLASS   BANK17         

        CLASS   BANK18         

        CLASS   BANK19         

        CLASS   BANK20         

        CLASS   BANK21         

        CLASS   BANK22         

        CLASS   BANK23         

        CLASS   BANK24         

        CLASS   BANK25         

        CLASS   BIGRAM         

        CLASS   RAM            

        CLASS   ABS1           
                abs_s1                               7E       7E        2         1

        CLASS   SFR0           

        CLASS   SFR1           

        CLASS   SFR2           

        CLASS   SFR3           

        CLASS   SFR4           

        CLASS   SFR5           

        CLASS   SFR6           

        CLASS   SFR7           

        CLASS   SFR8           

        CLASS   SFR9           

        CLASS   SFR10          

        CLASS   SFR11          

        CLASS   SFR12          

        CLASS   SFR13          

        CLASS   SFR14          

        CLASS   SFR15          

        CLASS   SFR16          

        CLASS   SFR17          

        CLASS   SFR18          

        CLASS   SFR19          

        CLASS   SFR20          

        CLASS   SFR21          

        CLASS   SFR22          

        CLASS   SFR23          

        CLASS   SFR24          

        CLASS   SFR25          

        CLASS   SFR26          

        CLASS   SFR27          

        CLASS   SFR28          

        CLASS   SFR29          

        CLASS   SFR30          

        CLASS   SFR31          

        CLASS   CONFIG         
                config                             8007     8007        2         4

        CLASS   IDLOC          

        CLASS   BANK31         

        CLASS   BANK30         

        CLASS   BANK29         

        CLASS   BANK28         

        CLASS   BANK27         

        CLASS   BANK26         

        CLASS   HEAP           

        CLASS   STACK          

        CLASS   EEDATA         



SEGMENTS        Name                           Load    Length   Top    Selector   Space  Class     Delta

                reset_vec                      000000  000003  000003         0       0  CODE        2
                text40                         000003  000001  000004         6       0  CODE        2
                intentry                       000004  0007F5  0007F9         8       0  CODE        2
                cstackBANK0                    000020  00004F  00006F        20       1  BANK0       1
                cstackCOMMON                   000070  00000E  00007E        70       1  COMMON      1
                bssBANK1                       0000A0  000019  0000B9        A0       1  BANK1       1
                stringtext1                    0007F9  000004  0007FD       FF2       0  STRCODE     2
                text26                         0007FD  000003  000800       FFA       0  CODE        2
                text28                         000FF5  000003  000FF8      1FEA       0  CODE        2
                text45                         000FF8  000004  000FFC      1FF0       0  CODE        2
                text30                         000FFC  000004  001000      1FF8       0  CODE        2


UNUSED ADDRESS RANGES

        Name                Unused          Largest block    Delta
        BANK0            0006F-0006F               1           1
        BANK1            000B9-000EF              37           1
        BANK10           00520-0056F              50           1
        BANK11           005A0-005EF              50           1
        BANK12           00620-0066F              50           1
        BANK13           006A0-006EF              50           1
        BANK14           00720-0076F              50           1
        BANK15           007A0-007EF              50           1
        BANK16           00820-0086F              50           1
        BANK17           008A0-008EF              50           1
        BANK18           00920-0096F              50           1
        BANK19           009A0-009EF              50           1
        BANK2            00120-0016F              50           1
        BANK20           00A20-00A6F              50           1
        BANK21           00AA0-00AEF              50           1
        BANK22           00B20-00B6F              50           1
        BANK23           00BA0-00BEF              50           1
        BANK24           00C20-00C6F              50           1
        BANK25           00CA0-00CBF              20           1
        BANK3            001A0-001EF              50           1
        BANK4            00220-0026F              50           1
        BANK5            002A0-002EF              50           1
        BANK6            00320-0036F              50           1
        BANK7            003A0-003EF              50           1
        BANK8            00420-0046F              50           1
        BANK9            004A0-004EF              50           1
        BIGRAM           02000-027EF             7F0           1
        CODE             00800-00FF4             7F5           2
                         01000-03FFF             800
        CONST            00800-00FF4             100           2
                         01000-03FFF             100
        ENTRY            00800-00FF4             100           2
                         01000-03FFF             100
        IDLOC            08000-08003               4           2
        RAM              0006F-0006F               1           1
                         000B9-000EF              37
                         00120-0016F              50
                         001A0-001EF              50
                         00220-0026F              50
                         002A0-002EF              50
                         00320-0036F              50
                         003A0-003EF              50
                         00420-0046F              50
                         004A0-004EF              50
                         00520-0056F              50
                         005A0-005EF              50
                         00620-0066F              50
                         006A0-006EF              50
                         00720-0076F              50
                         007A0-007EF              50
                         00820-0086F              50
                         008A0-008EF              50
                         00920-0096F              50
                         009A0-009EF              50
                         00A20-00A6F              50
                         00AA0-00AEF              50
                         00B20-00B6F              50
                         00BA0-00BEF              50
                         00C20-00C6F              50
                         00CA0-00CBF              20
        SFR0             00000-0001F              20           1
        SFR1             00080-0009F              20           1
        SFR10            00500-0051F              20           1
        SFR11            00580-0059F              20           1
        SFR12            00600-0061F              20           1
        SFR13            00680-0069F              20           1
        SFR14            00700-0071F              20           1
        SFR15            00780-0079F              20           1
        SFR16            00800-0081F              20           1
        SFR17            00880-0089F              20           1
        SFR18            00900-0091F              20           1
        SFR19            00980-0099F              20           1
        SFR2             00100-0011F              20           1
        SFR20            00A00-00A1F              20           1
        SFR21            00A80-00A9F              20           1
        SFR22            00B00-00B1F              20           1
        SFR23            00B80-00B9F              20           1
        SFR24            00C00-00C1F              20           1
        SFR25            00C80-00C9F              20           1
        SFR26            00D00-00D6F              70           1
        SFR27            00D80-00DEF              70           1
        SFR28            00E00-00E6F              70           1
        SFR29            00E80-00EEF              70           1
        SFR3             00180-0019F              20           1
        SFR30            00F00-00F6F              70           1
        SFR31            00F80-00FEF              70           1
        SFR4             00200-0021F              20           1
        SFR5             00280-0029F              20           1
        SFR6             00300-0031F              20           1
        SFR7             00380-0039F              20           1
        SFR8             00400-0041F              20           1
        SFR9             00480-0049F              20           1
        STRCODE          00800-00FF4             7F5           2
                         01000-03FFF            3000
        STRING           00800-00FF4             100           2
                         01000-03FFF             100

                                  Symbol Table

?_canGetFrame_wID                         cstackBANK0  00020
INT_SetInterruptHandler@InterruptHandler  cstackCOMMON 00070
RXBnCTRL@_buff                            cstackCOMMON 00072
SPI_ExchangeByte@data                     cstackCOMMON 00070
SPI_Open@spiUniqueConfiguration           cstackCOMMON 00073
TMR2_SetInterruptHandler@InterruptHandler cstackCOMMON 00070
TXBnCTRL@_buff                            cstackCOMMON 00072
TXBnSIDH@_buff                            cstackCOMMON 00072
_ANSELA                                   (abs)        0018C
_ANSELB                                   (abs)        0018D
_ANSELC                                   (abs)        0018E
_ANSELD                                   (abs)        0018F
_ANSELE                                   (abs)        00190
_BORCON                                   (abs)        0009D
_EXT_INT_Initialize                       text36       007B3
_INLVLA                                   (abs)        0038C
_INLVLB                                   (abs)        0038D
_INLVLC                                   (abs)        0038E
_INLVLD                                   (abs)        0038F
_INTCONbits                               (abs)        0000B
_INTERRUPT_InterruptManager               intentry     00004
_INTPPS                                   (abs)        00E0D
_INT_CallBack                             text43       007A6
_INT_DefaultInterruptHandler              text44       00002
_INT_ISR                                  text42       007F4
_INT_InterruptHandler                     nvBANK1      000B7
_INT_SetInterruptHandler                  text37       007EE
_LATA                                     (abs)        0010C
_LATB                                     (abs)        0010D
_LATC                                     (abs)        0010E
_LATD                                     (abs)        0010F
_LATDbits                                 (abs)        0010F
_LATE                                     (abs)        00110
_ODCONA                                   (abs)        0028C
_ODCONB                                   (abs)        0028D
_ODCONC                                   (abs)        0028E
_ODCOND                                   (abs)        0028F
_ODCONE                                   (abs)        00290
_OPTION_REGbits                           (abs)        00097
_OSCCON                                   (abs)        0009B
_OSCILLATOR_Initialize                    text35       007D4
_OSCSTAT                                  (abs)        0009C
_OSCTUNE                                  (abs)        0009A
_PIE1bits                                 (abs)        00091
_PIN_MANAGER_Initialize                   text34       00500
_PIR1bits                                 (abs)        00011
_PR2                                      (abs)        00494
_RC3PPS                                   (abs)        00EA3
_RC5PPS                                   (abs)        00EA5
_RXBnCTRL                                 text21       00702
_SLRCONA                                  (abs)        0030C
_SLRCONB                                  (abs)        0030D
_SLRCONC                                  (abs)        0030E
_SLRCOND                                  (abs)        0030F
_SLRCONE                                  (abs)        00310
_SPI_Close                                text26       007FD
_SPI_ExchangeByte                         text25       00799
_SPI_Initialize                           text33       00748
_SPI_Open                                 text24       0045C
_SSP1ADD                                  (abs)        00212
_SSP1BUF                                  (abs)        00211
_SSP1CON1                                 (abs)        00215
_SSP1CON1bits                             (abs)        00215
_SSP1CON2                                 (abs)        00216
_SSP1STAT                                 (abs)        00214
_SSPCLKPPS                                (abs)        00E3A
_SSPDATPPS                                (abs)        00E3B
_SYSTEM_Initialize                        text29       0075D
_T2CLKCON                                 (abs)        00497
_T2CON                                    (abs)        00495
_T2CONbits                                (abs)        00495
_T2HLT                                    (abs)        00496
_T2HLTbits                                (abs)        00496
_T2PR                                     (abs)        00494
_T2RST                                    (abs)        00498
_T2RSTbits                                (abs)        00498
_T2TMR                                    (abs)        00493
_TMR2                                     (abs)        00493
_TMR2_DefaultInterruptHandler             text40       00003
_TMR2_ISR                                 text39       0077E
_TMR2_Initialize                          text31       00731
_TMR2_InterruptHandler                    nvBANK0      0006C
_TMR2_SetInterruptHandler                 text32       007E8
_TRISA                                    (abs)        0008C
_TRISB                                    (abs)        0008D
_TRISC                                    (abs)        0008E
_TRISCbits                                (abs)        0008E
_TRISD                                    (abs)        0008F
_TRISE                                    (abs)        00090
_TXBnCTRL                                 text14       00677
_TXBnSIDH                                 text15       00694
_WDTCON                                   (abs)        00099
_WDT_Initialize                           text30       00FFC
_WPUA                                     (abs)        0020C
_WPUB                                     (abs)        0020D
_WPUC                                     (abs)        0020E
_WPUD                                     (abs)        0020F
_WPUE                                     (abs)        00210
__H__absolute__                           __absolute__ 00000
__Habs1                                   abs1         00000
__Hbank0                                  bank0        00000
__Hbank1                                  bank1        00000
__Hbank10                                 bank10       00000
__Hbank11                                 bank11       00000
__Hbank12                                 bank12       00000
__Hbank13                                 bank13       00000
__Hbank14                                 bank14       00000
__Hbank15                                 bank15       00000
__Hbank16                                 bank16       00000
__Hbank17                                 bank17       00000
__Hbank18                                 bank18       00000
__Hbank19                                 bank19       00000
__Hbank2                                  bank2        00000
__Hbank20                                 bank20       00000
__Hbank21                                 bank21       00000
__Hbank22                                 bank22       00000
__Hbank23                                 bank23       00000
__Hbank24                                 bank24       00000
__Hbank25                                 bank25       00000
__Hbank26                                 bank26       00000
__Hbank27                                 bank27       00000
__Hbank28                                 bank28       00000
__Hbank29                                 bank29       00000
__Hbank3                                  bank3        00000
__Hbank30                                 bank30       00000
__Hbank31                                 bank31       00000
__Hbank4                                  bank4        00000
__Hbank5                                  bank5        00000
__Hbank6                                  bank6        00000
__Hbank7                                  bank7        00000
__Hbank8                                  bank8        00000
__Hbank9                                  bank9        00000
__Hbigram                                 bigram       00000
__HbssBANK0                               bssBANK0     00000
__HbssBANK1                               bssBANK1     00000
__Hcinit                                  cinit        00036
__Hclrtext                                clrtext      00000
__Hcode                                   code         00000
__Hcommon                                 common       00000
__Hconfig                                 config       08009
__HcstackBANK0                            cstackBANK0  00000
__HcstackCOMMON                           cstackCOMMON 00000
__Heeprom_data                            eeprom_data  00000
__Hend_init                               end_init     00028
__Hfunctab                                functab      00000
__Hheap                                   heap         00000
__Hinit                                   init         00026
__Hintentry                               intentry     00026
__Hmaintext                               maintext     00000
__HnvBANK0                                nvBANK0      00000
__HnvBANK1                                nvBANK1      00000
__Hpowerup                                powerup      00000
__Hram                                    ram          00000
__Hreset_vec                              reset_vec    00002
__Hsfr0                                   sfr0         00000
__Hsfr1                                   sfr1         00000
__Hsfr10                                  sfr10        00000
__Hsfr11                                  sfr11        00000
__Hsfr12                                  sfr12        00000
__Hsfr13                                  sfr13        00000
__Hsfr14                                  sfr14        00000
__Hsfr15                                  sfr15        00000
__Hsfr16                                  sfr16        00000
__Hsfr17                                  sfr17        00000
__Hsfr18                                  sfr18        00000
__Hsfr19                                  sfr19        00000
__Hsfr2                                   sfr2         00000
__Hsfr20                                  sfr20        00000
__Hsfr21                                  sfr21        00000
__Hsfr22                                  sfr22        00000
__Hsfr23                                  sfr23        00000
__Hsfr24                                  sfr24        00000
__Hsfr25                                  sfr25        00000
__Hsfr26                                  sfr26        00000
__Hsfr27                                  sfr27        00000
__Hsfr28                                  sfr28        00000
__Hsfr29                                  sfr29        00000
__Hsfr3                                   sfr3         00000
__Hsfr30                                  sfr30        00000
__Hsfr31                                  sfr31        00000
__Hsfr4                                   sfr4         00000
__Hsfr5                                   sfr5         00000
__Hsfr6                                   sfr6         00000
__Hsfr7                                   sfr7         00000
__Hsfr8                                   sfr8         00000
__Hsfr9                                   sfr9         00000
__Hspace_0                                (abs)        01000
__Hspace_1                                (abs)        000B9
__Hspace_2                                (abs)        00000
__Hspace_3                                (abs)        00000
__Hspace_4                                (abs)        10010
__Hstack                                  stack        00000
__Hstrings                                strings      00000
__Hstringtext1                            stringtext1  00000
__Htext                                   text         00000
__L__absolute__                           __absolute__ 00000
__Labs1                                   abs1         00000
__Lbank0                                  bank0        00000
__Lbank1                                  bank1        00000
__Lbank10                                 bank10       00000
__Lbank11                                 bank11       00000
__Lbank12                                 bank12       00000
__Lbank13                                 bank13       00000
__Lbank14                                 bank14       00000
__Lbank15                                 bank15       00000
__Lbank16                                 bank16       00000
__Lbank17                                 bank17       00000
__Lbank18                                 bank18       00000
__Lbank19                                 bank19       00000
__Lbank2                                  bank2        00000
__Lbank20                                 bank20       00000
__Lbank21                                 bank21       00000
__Lbank22                                 bank22       00000
__Lbank23                                 bank23       00000
__Lbank24                                 bank24       00000
__Lbank25                                 bank25       00000
__Lbank26                                 bank26       00000
__Lbank27                                 bank27       00000
__Lbank28                                 bank28       00000
__Lbank29                                 bank29       00000
__Lbank3                                  bank3        00000
__Lbank30                                 bank30       00000
__Lbank31                                 bank31       00000
__Lbank4                                  bank4        00000
__Lbank5                                  bank5        00000
__Lbank6                                  bank6        00000
__Lbank7                                  bank7        00000
__Lbank8                                  bank8        00000
__Lbank9                                  bank9        00000
__Lbigram                                 bigram       00000
__LbssBANK0                               bssBANK0     00000
__LbssBANK1                               bssBANK1     00000
__Lcinit                                  cinit        00028
__Lclrtext                                clrtext      00000
__Lcode                                   code         00000
__Lcommon                                 common       00000
__Lconfig                                 config       00000
__LcstackBANK0                            cstackBANK0  00000
__LcstackCOMMON                           cstackCOMMON 00000
__Leeprom_data                            eeprom_data  00000
__Lend_init                               end_init     00026
__Lfunctab                                functab      00000
__Lheap                                   heap         00000
__Linit                                   init         00026
__Lintentry                               intentry     00004
__Lmaintext                               maintext     00000
__LnvBANK0                                nvBANK0      00000
__LnvBANK1                                nvBANK1      00000
__Lpowerup                                powerup      00000
__Lram                                    ram          00000
__Lreset_vec                              reset_vec    00000
__Lsfr0                                   sfr0         00000
__Lsfr1                                   sfr1         00000
__Lsfr10                                  sfr10        00000
__Lsfr11                                  sfr11        00000
__Lsfr12                                  sfr12        00000
__Lsfr13                                  sfr13        00000
__Lsfr14                                  sfr14        00000
__Lsfr15                                  sfr15        00000
__Lsfr16                                  sfr16        00000
__Lsfr17                                  sfr17        00000
__Lsfr18                                  sfr18        00000
__Lsfr19                                  sfr19        00000
__Lsfr2                                   sfr2         00000
__Lsfr20                                  sfr20        00000
__Lsfr21                                  sfr21        00000
__Lsfr22                                  sfr22        00000
__Lsfr23                                  sfr23        00000
__Lsfr24                                  sfr24        00000
__Lsfr25                                  sfr25        00000
__Lsfr26                                  sfr26        00000
__Lsfr27                                  sfr27        00000
__Lsfr28                                  sfr28        00000
__Lsfr29                                  sfr29        00000
__Lsfr3                                   sfr3         00000
__Lsfr30                                  sfr30        00000
__Lsfr31                                  sfr31        00000
__Lsfr4                                   sfr4         00000
__Lsfr5                                   sfr5         00000
__Lsfr6                                   sfr6         00000
__Lsfr7                                   sfr7         00000
__Lsfr8                                   sfr8         00000
__Lsfr9                                   sfr9         00000
__Lspace_0                                (abs)        00000
__Lspace_1                                (abs)        00000
__Lspace_2                                (abs)        00000
__Lspace_3                                (abs)        00000
__Lspace_4                                (abs)        00000
__Lstack                                  stack        00000
__Lstrings                                strings      00000
__Lstringtext1                            stringtext1  00000
__Ltext                                   text         00000
__S0                                      (abs)        01000
__S1                                      (abs)        000B9
___heap_hi                                (abs)        00000
___heap_lo                                (abs)        00000
___int_sp                                 stack        00000
___int_stack_hi                           stack        00000
___int_stack_lo                           stack        00000
___latbits                                (abs)        00003
___sp                                     stack        00000
___stack_hi                               stack        00000
___stack_lo                               stack        00000
___stackhi                                (abs)        00000
___stacklo                                (abs)        00000
__end_of_EXT_INT_Initialize               text36       007BF
__end_of_INTERRUPT_InterruptManager       intentry     00026
__end_of_INT_CallBack                     text43       007B3
__end_of_INT_DefaultInterruptHandler      text44       00003
__end_of_INT_ISR                          text42       007F9
__end_of_INT_SetInterruptHandler          text37       007F4
__end_of_OSCILLATOR_Initialize            text35       007DC
__end_of_PIN_MANAGER_Initialize           text34       0054C
__end_of_RXBnCTRL                         text21       0071A
__end_of_SPI_Close                        text26       00800
__end_of_SPI_ExchangeByte                 text25       007A6
__end_of_SPI_Initialize                   text33       0075D
__end_of_SPI_Open                         text24       004AF
__end_of_SYSTEM_Initialize                text29       00770
__end_of_TMR2_DefaultInterruptHandler     text40       00004
__end_of_TMR2_ISR                         text39       0078C
__end_of_TMR2_Initialize                  text31       00748
__end_of_TMR2_SetInterruptHandler         text32       007EE
__end_of_TXBnCTRL                         text14       00694
__end_of_TXBnSIDH                         text15       006B1
__end_of_WDT_Initialize                   text30       01000
__end_of__initialization                  cinit        00032
__end_of_canBegin                         text5        0025D
__end_of_canChipReset                     text4        007CA
__end_of_canEnableRX                      text22       005C3
__end_of_canEnableRXInterrupts            text3        00731
__end_of_canGetFrame_wID                  text19       001A6
__end_of_canGetMode                       text8        00659
__end_of_canIsFilledRX                    text18       00594
__end_of_canIsFreeTX                      text13       00677
__end_of_canRequestMode                   text7        00615
__end_of_canRequestTransmission_wRTS      text12       005EE
__end_of_canSetBitTiming                  text6        006CD
__end_of_canTransmit_wEID                 text11       0039F
__end_of_canTransmit_wSID                 text10       003FF
__end_of_jigaCanRX                        text45       00FFC
__end_of_main                             maintext     0030B
__end_of_mcpCanReceive                    text16       0045C
__end_of_mcpCanSend                       text9        00500
__end_of_mcpInitialze                     text2        006E8
__end_of_memcpy                           text17       0063A
__end_of_memset                           text1        00702
__end_of_pal_deselect_slave               text28       00FF8
__end_of_pal_select_slave                 text27       007E8
__end_of_pal_spi_read                     text20       0077E
__end_of_pal_spi_send                     text23       00799
__end_of_set_cont                         text41       007D4
__end_of_spi_configuration                stringtext1  007FD
__frame                                   bssBANK1     000A0
__initialization                          cinit        00028
__pbssBANK0                               bssBANK0     0006E
__pbssBANK1                               bssBANK1     000A0
__pcstackBANK0                            cstackBANK0  00020
__pcstackCOMMON                           cstackCOMMON 00070
__pintentry                               intentry     00004
__pmaintext                               maintext     0025D
__pnvBANK0                                nvBANK0      0006C
__pnvBANK1                                nvBANK1      000B7
__pstringtext1                            stringtext1  007F9
__ptext1                                  text1        006E8
__ptext10                                 text10       0039F
__ptext11                                 text11       0030B
__ptext12                                 text12       005C3
__ptext13                                 text13       00659
__ptext14                                 text14       00677
__ptext15                                 text15       00694
__ptext16                                 text16       003FF
__ptext17                                 text17       00615
__ptext18                                 text18       0054C
__ptext19                                 text19       00036
__ptext2                                  text2        006CD
__ptext20                                 text20       00770
__ptext21                                 text21       00702
__ptext22                                 text22       00594
__ptext23                                 text23       0078C
__ptext24                                 text24       0045C
__ptext25                                 text25       00799
__ptext26                                 text26       007FD
__ptext27                                 text27       007E2
__ptext28                                 text28       00FF5
__ptext29                                 text29       0075D
__ptext3                                  text3        0071A
__ptext30                                 text30       00FFC
__ptext31                                 text31       00731
__ptext32                                 text32       007E8
__ptext33                                 text33       00748
__ptext34                                 text34       00500
__ptext35                                 text35       007D4
__ptext36                                 text36       007B3
__ptext37                                 text37       007EE
__ptext39                                 text39       0077E
__ptext4                                  text4        007BF
__ptext40                                 text40       00003
__ptext41                                 text41       007CA
__ptext42                                 text42       007F4
__ptext43                                 text43       007A6
__ptext44                                 text44       00002
__ptext45                                 text45       00FF8
__ptext5                                  text5        001A6
__ptext6                                  text6        006B1
__ptext7                                  text7        005EE
__ptext8                                  text8        0063A
__ptext9                                  text9        004AF
_canBegin                                 text5        001A6
_canChipReset                             text4        007BF
_canEnableRX                              text22       00594
_canEnableRXInterrupts                    text3        0071A
_canGetFrame_wID                          text19       00036
_canGetMode                               text8        0063A
_canIsFilledRX                            text18       0054C
_canIsFreeTX                              text13       00659
_canReceiveFlag                           bssBANK0     0006E
_canRequestMode                           text7        005EE
_canRequestTransmission_wRTS              text12       005C3
_canSetBitTiming                          text6        006B1
_canTransmit_wEID                         text11       0030B
_canTransmit_wSID                         text10       0039F
_jigaCanRX                                text45       00FF8
_main                                     maintext     0025D
_mcpCanReceive                            text16       003FF
_mcpCanSend                               text9        004AF
_mcpInitialze                             text2        006CD
_memcpy                                   text17       00615
_memset                                   text1        006E8
_num                                      bssBANK1     000B3
_num2                                     bssBANK1     000AF
_pal_deselect_slave                       text28       00FF5
_pal_select_slave                         text27       007E2
_pal_spi_read                             text20       00770
_pal_spi_send                             text23       0078C
_set_cont                                 text41       007CA
_spi_configuration                        stringtext1  007F9
btemp                                     (abs)        0007E
canBegin@data                             cstackCOMMON 00079
canBegin@data_rate                        cstackCOMMON 0007B
canEnableRX@_buff                         cstackCOMMON 00077
canGetFrame_wID@_buff                     cstackBANK0  00030
canGetFrame_wID@_ctrl                     cstackBANK0  0002F
canGetFrame_wID@_id                       cstackBANK0  00031
canGetFrame_wID@ch                        cstackBANK0  00036
canGetFrame_wID@i                         cstackBANK0  00035
canGetMode@_mode                          cstackCOMMON 00076
canIsFilledRX@_buff                       cstackCOMMON 00077
canIsFilledRX@_ctrl                       cstackCOMMON 00079
canIsFilledRX@flag                        cstackCOMMON 00078
canIsFreeTX@_buff                         cstackCOMMON 00075
canIsFreeTX@tx                            cstackCOMMON 00076
canRequestMode@_mode                      cstackCOMMON 00078
canRequestTransmission_wRTS@_buff         cstackCOMMON 00077
canSetBitTiming@_cnf1                     cstackCOMMON 00077
canSetBitTiming@_cnf2                     cstackCOMMON 00075
canSetBitTiming@_cnf3                     cstackCOMMON 00076
canTransmit_wEID@_buff                    cstackBANK0  0002A
canTransmit_wEID@_data                    cstackCOMMON 0007D
canTransmit_wEID@_eid                     cstackCOMMON 00078
canTransmit_wEID@_num_bytes               cstackCOMMON 0007C
canTransmit_wEID@i                        cstackBANK0  00029
canTransmit_wSID@_buff                    cstackBANK0  00021
canTransmit_wSID@_data                    cstackCOMMON 0007B
canTransmit_wSID@_num_bytes               cstackCOMMON 0007A
canTransmit_wSID@_sid                     cstackCOMMON 00078
canTransmit_wSID@i                        cstackBANK0  00020
clear_ram0                                clrtext      007DC
end_of_initialization                     cinit        00032
int$flags                                 (abs)        0007E
intlevel0                                 functab      00000
intlevel1                                 functab      00000
intlevel2                                 functab      00000
intlevel3                                 functab      00000
intlevel4                                 functab      00000
intlevel5                                 functab      00000
main@RXJiga                               cstackBANK0  0004E
main@TXJiga                               cstackBANK0  0005D
mcpCanReceive@_bufferFrame                cstackBANK0  0003A
mcpCanReceive@_pFrame                     cstackBANK0  00049
mcpCanSend@_frame                         cstackBANK0  0002B
mcpCanSend@buff                           cstackBANK0  0003A
mcpInitialze@auxPtr                       cstackBANK0  00020
memcpy@d                                  cstackCOMMON 00075
memcpy@d1                                 cstackCOMMON 00077
memcpy@n                                  cstackCOMMON 00071
memcpy@s                                  cstackCOMMON 00076
memcpy@s1                                 cstackCOMMON 00070
memcpy@tmp                                cstackCOMMON 00074
memset@c                                  cstackCOMMON 00070
memset@dest                               cstackCOMMON 00075
memset@n                                  cstackCOMMON 00072
memset@p                                  cstackCOMMON 00076
pal_spi_read@ret                          cstackCOMMON 00074
pal_spi_send@byt                          cstackCOMMON 00074
reset_vec                                 reset_vec    00000
start                                     init         00026
start_initialization                      cinit        00028
wtemp0                                    (abs)        0007E


MODULE INFORMATION

Module		Function		Class		Link	Load	Size
C:\Program Files\Microchip\xc8\v2.45\pic\sources\c99\common\memcpy.c
		_memcpy        		CODE           	0615	0000	37

C:\Program Files\Microchip\xc8\v2.45\pic\sources\c99\common\memcpy.c estimated size: 37

mcc_generated_files/tmr2.c
		_TMR2_ISR      		CODE           	077E	0000	14
		_TMR2_Initialize		CODE           	0731	0000	23
		_TMR2_SetInterruptHandler		CODE           	07E8	0000	6
		_TMR2_DefaultInterruptHandler		CODE           	0003	0000	1

mcc_generated_files/tmr2.c estimated size: 44

mcc_generated_files/interrupt_manager.c
		_INTERRUPT_InterruptManager		CODE           	0004	0000	34

mcc_generated_files/interrupt_manager.c estimated size: 34

mcc_generated_files/pin_manager.c
		_PIN_MANAGER_Initialize		CODE           	0500	0000	76

mcc_generated_files/pin_manager.c estimated size: 76

mcp2515_driver/mcp2515_driver_pal.c
		_pal_select_slave		CODE           	07E2	0000	6
		_pal_deselect_slave		CODE           	0FF5	0000	3
		_pal_spi_read  		CODE           	0770	0000	14
		_pal_spi_send  		CODE           	078C	0000	13

mcp2515_driver/mcp2515_driver_pal.c estimated size: 36

mcc_generated_files/spi.c
		_SPI_Close     		CODE           	07FD	0000	3
		_SPI_ExchangeByte		CODE           	0799	0000	13
		_SPI_Open      		CODE           	045C	0000	83
		_SPI_Initialize		CODE           	0748	0000	21

mcc_generated_files/spi.c estimated size: 120

mcc_generated_files/ext_int.c
		_INT_DefaultInterruptHandler		CODE           	0002	0000	1
		_EXT_INT_Initialize		CODE           	07B3	0000	12
		_INT_SetInterruptHandler		CODE           	07EE	0000	6
		_INT_CallBack  		CODE           	07A6	0000	13
		_INT_ISR       		CODE           	07F4	0000	5

mcc_generated_files/ext_int.c estimated size: 37

shared
		__initialization		CODE           	0028	0000	10
		_spi_configuration		STRCODE        	07F9	0000	4

shared estimated size: 14

mcp2515_driver/mcp2515_driver.c
		_canRequestMode		CODE           	05EE	0000	39
		_mcpCanReceive 		CODE           	03FF	0000	93
		_canEnableRXInterrupts		CODE           	071A	0000	23
		_canGetMode    		CODE           	063A	0000	31
		_canSetBitTiming		CODE           	06B1	0000	28
		_TXBnSIDH      		CODE           	0694	0000	29
		_canIsFilledRX 		CODE           	054C	0000	72
		_canIsFreeTX   		CODE           	0659	0000	30
		_mcpCanSend    		CODE           	04AF	0000	81
		_canEnableRX   		CODE           	0594	0000	47
		_canTransmit_wEID		CODE           	030B	0000	148
		_canTransmit_wSID		CODE           	039F	0000	96
		_canBegin      		CODE           	01A6	0000	183
		_canRequestTransmission_wRTS		CODE           	05C3	0000	43
		_canChipReset  		CODE           	07BF	0000	11
		_canGetFrame_wID		CODE           	0036	0000	368
		_RXBnCTRL      		CODE           	0702	0000	24
		_TXBnCTRL      		CODE           	0677	0000	29

mcp2515_driver/mcp2515_driver.c estimated size: 1375

mcc_generated_files/mcc.c
		_WDT_Initialize		CODE           	0FFC	0000	4
		_OSCILLATOR_Initialize		CODE           	07D4	0000	8
		_SYSTEM_Initialize		CODE           	075D	0000	19

mcc_generated_files/mcc.c estimated size: 31

C:\Program Files\Microchip\xc8\v2.45\pic\sources\c99\common\memset.c
		_memset        		CODE           	06E8	0000	26

C:\Program Files\Microchip\xc8\v2.45\pic\sources\c99\common\memset.c estimated size: 26

main.c
		_main          		CODE           	025D	0000	174
		_mcpInitialze  		CODE           	06CD	0000	27
		_set_cont      		CODE           	07CA	0000	10
		_jigaCanRX     		CODE           	0FF8	0000	4

main.c estimated size: 215

